BL51 BANKED LINKER/LOCATER V6.22.2.0                                                    12/11/2025  00:03:04  PAGE 1


BL51 BANKED LINKER/LOCATER V6.22.2.0, INVOKED BY:
C:\KEIL_V5\C51\BIN\BL51.EXE .\Objects\源程序.obj TO .\Objects\源程序 PRINT (.\Listings\源程序.m51)


MEMORY MODEL: SMALL WITH FLOATING POINT ARITHMETIC


INPUT MODULES INCLUDED:
  .\Objects\源程序.obj (______)
  C:\KEIL_V5\C51\LIB\C51FPS.LIB (?C?FPADD)
  C:\KEIL_V5\C51\LIB\C51FPS.LIB (?C?FPMUL)
  C:\KEIL_V5\C51\LIB\C51FPS.LIB (?C?FCAST)
  C:\KEIL_V5\C51\LIB\C51FPS.LIB (?C?CASTF)
  C:\KEIL_V5\C51\LIB\C51FPS.LIB (PRINTF)
  C:\KEIL_V5\C51\LIB\C51FPS.LIB (?C?FPGETOPN)
  C:\KEIL_V5\C51\LIB\C51FPS.LIB (?C?FPROUND)
  C:\KEIL_V5\C51\LIB\C51FPS.LIB (?C?FPCONVERT)
  C:\KEIL_V5\C51\LIB\C51FPS.LIB (?C?FPDIV)
  C:\KEIL_V5\C51\LIB\C51FPS.LIB (?C?FTNPWR)
  C:\KEIL_V5\C51\LIB\C51S.LIB (?C_STARTUP)
  C:\KEIL_V5\C51\LIB\C51S.LIB (?C?CLDPTR)
  C:\KEIL_V5\C51\LIB\C51S.LIB (?C?CLDOPTR)
  C:\KEIL_V5\C51\LIB\C51S.LIB (?C?CSTPTR)
  C:\KEIL_V5\C51\LIB\C51S.LIB (?C?UIDIV)
  C:\KEIL_V5\C51\LIB\C51S.LIB (?C?LNEG)
  C:\KEIL_V5\C51\LIB\C51S.LIB (?C?PLDIIDATA)
  C:\KEIL_V5\C51\LIB\C51S.LIB (?C?CCASE)
  C:\KEIL_V5\C51\LIB\C51S.LIB (PUTCHAR)
  C:\KEIL_V5\C51\LIB\C51S.LIB (?C_INIT)


LINK MAP OF MODULE:  .\Objects\源程序 (______)


            TYPE    BASE      LENGTH    RELOCATION   SEGMENT NAME
            -----------------------------------------------------

            * * * * * * *   D A T A   M E M O R Y   * * * * * * *
            REG     0000H     0008H     ABSOLUTE     "REG BANK 0"
            DATA    0008H     0009H     UNIT         ?DT?______
                    0011H     000FH                  *** GAP ***
            BIT     0020H.0   0001H.1   UNIT         _BIT_GROUP_
            BIT     0021H.1   0000H.3   UNIT         ?BI?______
                    0021H.4   0000H.4                *** GAP ***
            DATA    0022H     0021H     UNIT         _DATA_GROUP_
            IDATA   0043H     0001H     UNIT         ?STACK

            * * * * * * *   C O D E   M E M O R Y   * * * * * * *
            CODE    0000H     0003H     ABSOLUTE     
            CODE    0003H     05F0H     UNIT         ?C?LIB_CODE
            CODE    05F3H     046FH     UNIT         ?PR?PRINTF?PRINTF
            CODE    0A62H     010CH     UNIT         ?PR?CHECK_KEYS?______
            CODE    0B6EH     00D8H     UNIT         ?PR?MAIN?______
            CODE    0C46H     008CH     UNIT         ?C_C51STARTUP
            CODE    0CD2H     0086H     UNIT         ?PR?_DISPLAY?______
            CODE    0D58H     005FH     UNIT         ?PR?_TMPWRITEBYTE?______
            CODE    0DB7H     005EH     UNIT         ?PR?TMP?______
            CODE    0E15H     002EH     UNIT         ?PR?_DELAY?______
BL51 BANKED LINKER/LOCATER V6.22.2.0                                                  12/11/2025  00:03:04  PAGE 2


            CODE    0E43H     0027H     UNIT         ?PR?PUTCHAR?PUTCHAR
            CODE    0E6AH     0026H     UNIT         ?PR?TMPREAD?______
            CODE    0E90H     0025H     UNIT         ?CO?______
            CODE    0EB5H     0024H     UNIT         ?PR?_DELAY_MS?______
            CODE    0ED9H     0024H     UNIT         ?PR?TMPREADBIT?______
            CODE    0EFDH     001FH     UNIT         ?PR?DSRESET?______
            CODE    0F1CH     0018H     UNIT         ?PR?_CHECK_ALARM?______
            CODE    0F34H     0016H     UNIT         ?C_INITSEG
            CODE    0F4AH     0013H     UNIT         ?PR?INIT_COM?______
            CODE    0F5DH     000FH     UNIT         ?PR?PLAY_KEY_SOUND?______
            CODE    0F6CH     0008H     UNIT         ?PR?TMPCHANGE?______



OVERLAY MAP OF MODULE:   .\Objects\源程序 (______)


SEGMENT                              BIT_GROUP          DATA_GROUP 
  +--> CALLED SEGMENT             START    LENGTH     START    LENGTH
---------------------------------------------------------------------
?C_C51STARTUP                     -----    -----      -----    -----
  +--> ?PR?MAIN?______
  +--> ?C_INITSEG

?PR?MAIN?______                   -----    -----      0022H    0005H
  +--> ?PR?INIT_COM?______
  +--> ?PR?TMPCHANGE?______
  +--> ?PR?TMP?______
  +--> ?PR?CHECK_KEYS?______
  +--> ?PR?_CHECK_ALARM?______
  +--> ?PR?_DISPLAY?______
  +--> ?CO?______
  +--> ?PR?PRINTF?PRINTF

?PR?TMPCHANGE?______              -----    -----      -----    -----
  +--> ?PR?_TMPWRITEBYTE?______

?PR?_TMPWRITEBYTE?______          0020H.0  0000H.1    -----    -----
  +--> ?PR?DSRESET?______
  +--> ?PR?_DELAY?______

?PR?TMP?______                    -----    -----      0027H    0004H
  +--> ?PR?_TMPWRITEBYTE?______
  +--> ?PR?TMPREAD?______

?PR?TMPREAD?______                -----    -----      -----    -----
  +--> ?PR?TMPREADBIT?______

?PR?TMPREADBIT?______             0020H.0  0000H.1    -----    -----

?PR?CHECK_KEYS?______             -----    -----      0027H    0001H
  +--> ?PR?_DELAY_MS?______
  +--> ?PR?PLAY_KEY_SOUND?______

?PR?PLAY_KEY_SOUND?______         -----    -----      -----    -----
  +--> ?PR?_DELAY_MS?______

BL51 BANKED LINKER/LOCATER V6.22.2.0                                                  12/11/2025  00:03:04  PAGE 3


?PR?_DISPLAY?______               -----    -----      0027H    0002H
  +--> ?PR?_DELAY?______
  +--> ?CO?______

?PR?PRINTF?PRINTF                 0020H.0  0001H.1    0027H    001CH
  +--> ?PR?PUTCHAR?PUTCHAR



SYMBOL TABLE OF MODULE:  .\Objects\源程序 (______)

  VALUE           TYPE          NAME
  ----------------------------------

  -------         MODULE        ______
  C:0000H         SYMBOL        _ICE_DUMMY_
  C:0EFDH         PUBLIC        dsreset
  B:00B0H.6       PUBLIC        K4
  B:00B0H.7       PUBLIC        K5
  D:0080H         PUBLIC        P0
  D:0090H         PUBLIC        P1
  D:00A0H         PUBLIC        P2
  D:00B0H         PUBLIC        P3
  B:00A8H.7       PUBLIC        EA
  B:0021H.1       PUBLIC        key_sound_enabled
  C:0E9BH         PUBLIC        table
  D:00A8H         PUBLIC        IE
  C:0E2AH         PUBLIC        _delay
  B:00A0H.2       PUBLIC        DS
  D:00B8H         PUBLIC        IP
  B:00A0H.3       PUBLIC        BEEP
  B:0098H.1       PUBLIC        TI
  C:0A62H         PUBLIC        check_keys
  C:0B6EH         PUBLIC        main
  D:0008H         PUBLIC        mode
  D:0009H         PUBLIC        show_counter
  C:0ED9H         PUBLIC        tmpreadbit
  D:0098H         PUBLIC        SCON
  D:0089H         PUBLIC        TMOD
  D:0088H         PUBLIC        TCON
  D:000BH         PUBLIC        temp
  C:0D64H         PUBLIC        _tmpwritebyte
  D:000DH         PUBLIC        temp_high
  C:0EABH         PUBLIC        table1
  C:0F6CH         PUBLIC        tmpchange
  B:0021H.2       PUBLIC        show_high_flag
  D:008DH         PUBLIC        TH1
  D:008BH         PUBLIC        TL1
  C:0DB7H         PUBLIC        tmp
  C:0EB9H         PUBLIC        _delay_ms
  C:0F4AH         PUBLIC        init_com
  B:0088H.6       PUBLIC        TR1
  D:00C8H         PUBLIC        T2CON
  D:000FH         PUBLIC        temp_low
  C:0F5DH         PUBLIC        play_key_sound
  C:0F1CH         PUBLIC        _check_alarm
  C:0E6AH         PUBLIC        tmpread
BL51 BANKED LINKER/LOCATER V6.22.2.0                                                  12/11/2025  00:03:04  PAGE 4


  B:0021H.3       PUBLIC        show_low_flag
  B:00A0H.4       PUBLIC        wei1
  B:00A0H.5       PUBLIC        wei2
  B:00A0H.6       PUBLIC        wei3
  C:0CD2H         PUBLIC        _display
  B:00A0H.7       PUBLIC        wei4
  D:00D0H         PUBLIC        PSW
  B:00B0H.4       PUBLIC        K2
  B:00B0H.5       PUBLIC        K3
  C:0E17H         SYMBOL        L?0118
  C:0E1CH         SYMBOL        L?0119
  -------         PROC          L?0117
  -------         ENDPROC       L?0117
  C:0E17H         SYMBOL        L?0118
  C:0E1CH         SYMBOL        L?0119
  -------         PROC          _DELAY
  D:0006H         SYMBOL        count
  -------         DO            
  D:0004H         SYMBOL        i
  -------         ENDDO         
  C:0E2AH         LINE#         47
  C:0E2AH         LINE#         49
  C:0E2EH         LINE#         50
  C:0E32H         LINE#         51
  C:0E32H         LINE#         52
  C:0E3BH         LINE#         53
  C:0E40H         LINE#         54
  C:0E42H         LINE#         55
  -------         ENDPROC       _DELAY
  C:0EB5H         SYMBOL        L?0122
  -------         PROC          L?0121
  -------         ENDPROC       L?0121
  C:0EB5H         SYMBOL        L?0122
  -------         PROC          _DELAY_MS
  D:0006H         SYMBOL        ms
  -------         DO            
  D:0004H         SYMBOL        i
  D:0002H         SYMBOL        j
  -------         ENDDO         
  C:0EB9H         LINE#         58
  C:0EB9H         LINE#         60
  C:0EC3H         LINE#         61
  C:0ED8H         LINE#         62
  -------         ENDPROC       _DELAY_MS
  -------         PROC          PLAY_KEY_SOUND
  C:0F5DH         LINE#         65
  C:0F5DH         LINE#         66
  C:0F60H         LINE#         67
  C:0F62H         LINE#         68
  C:0F69H         LINE#         69
  C:0F6BH         LINE#         70
  C:0F6BH         LINE#         71
  -------         ENDPROC       PLAY_KEY_SOUND
  -------         PROC          DSRESET
  -------         DO            
  D:0006H         SYMBOL        i
  -------         ENDDO         
BL51 BANKED LINKER/LOCATER V6.22.2.0                                                  12/11/2025  00:03:04  PAGE 5


  C:0EFDH         LINE#         74
  C:0EFDH         LINE#         76
  C:0EFFH         LINE#         77
  C:0F03H         LINE#         78
  C:0F0CH         LINE#         79
  C:0F0EH         LINE#         80
  C:0F12H         LINE#         81
  C:0F1BH         LINE#         82
  -------         ENDPROC       DSRESET
  -------         PROC          TMPREADBIT
  -------         DO            
  D:0006H         SYMBOL        i
  B:0020H.0       SYMBOL        dat
  -------         ENDDO         
  C:0ED9H         LINE#         85
  C:0ED9H         LINE#         88
  C:0EDBH         LINE#         89
  C:0EDFH         LINE#         90
  C:0EE1H         LINE#         91
  C:0EE5H         LINE#         92
  C:0EE9H         LINE#         93
  C:0EEDH         LINE#         94
  C:0EF1H         LINE#         95
  C:0EFAH         LINE#         96
  C:0EFCH         LINE#         97
  -------         ENDPROC       TMPREADBIT
  -------         PROC          TMPREAD
  -------         DO            
  D:0004H         SYMBOL        i
  D:0007H         SYMBOL        j
  D:0005H         SYMBOL        dat
  -------         ENDDO         
  C:0E6AH         LINE#         100
  C:0E6AH         LINE#         102
  C:0E6CH         LINE#         103
  C:0E78H         LINE#         104
  C:0E7EH         LINE#         105
  C:0E8AH         LINE#         106
  C:0E8DH         LINE#         107
  C:0E8FH         LINE#         108
  -------         ENDPROC       TMPREAD
  -------         PROC          L?0120
  -------         ENDPROC       L?0120
  -------         PROC          _TMPWRITEBYTE
  D:0001H         SYMBOL        dat
  -------         DO            
  D:0002H         SYMBOL        i
  D:0007H         SYMBOL        j
  B:0020H.0       SYMBOL        testb
  -------         ENDDO         
  C:0D64H         LINE#         111
  C:0D66H         LINE#         115
  C:0D72H         LINE#         116
  C:0D76H         LINE#         117
  C:0D7AH         LINE#         118
  C:0D7DH         LINE#         119
  C:0D7FH         LINE#         120
BL51 BANKED LINKER/LOCATER V6.22.2.0                                                  12/11/2025  00:03:04  PAGE 6


  C:0D83H         LINE#         121
  C:0D87H         LINE#         122
  C:0D89H         LINE#         123
  C:0D8DH         LINE#         124
  C:0D98H         LINE#         125
  C:0D98H         LINE#         126
  C:0D9AH         LINE#         127
  C:0D9EH         LINE#         128
  C:0DA7H         LINE#         129
  C:0DA9H         LINE#         130
  C:0DAEH         LINE#         131
  C:0DB3H         LINE#         132
  C:0DB3H         LINE#         133
  C:0DB6H         LINE#         134
  -------         ENDPROC       _TMPWRITEBYTE
  -------         PROC          TMPCHANGE
  C:0F6CH         LINE#         137
  C:0F6CH         LINE#         138
  C:0F6CH         LINE#         139
  C:0F6CH         LINE#         140
  C:0F6FH         LINE#         141
  -------         ENDPROC       TMPCHANGE
  -------         PROC          TMP
  -------         DO            
  D:0027H         SYMBOL        tt
  D:0003H         SYMBOL        a
  D:0007H         SYMBOL        b
  -------         ENDDO         
  C:0DB7H         LINE#         145
  C:0DB7H         LINE#         148
  C:0DB7H         LINE#         149
  C:0DB7H         LINE#         150
  C:0DBAH         LINE#         151
  C:0DBFH         LINE#         152
  C:0DC4H         LINE#         153
  C:0DC7H         LINE#         154
  C:0DCCH         LINE#         155
  C:0DD3H         LINE#         156
  C:0DD9H         LINE#         157
  C:0DF2H         LINE#         158
  C:0E14H         LINE#         159
  C:0E14H         LINE#         160
  -------         ENDPROC       TMP
  -------         PROC          CHECK_KEYS
  -------         DO            
  D:0027H         SYMBOL        old_mode
  -------         ENDDO         
  C:0A62H         LINE#         163
  C:0A62H         LINE#         165
  C:0A65H         LINE#         166
  C:0A68H         LINE#         167
  C:0A6BH         LINE#         168
  C:0A6EH         LINE#         169
  C:0A7FH         LINE#         172
  C:0A8FH         LINE#         173
  C:0A91H         LINE#         174
  C:0A93H         LINE#         175
BL51 BANKED LINKER/LOCATER V6.22.2.0                                                  12/11/2025  00:03:04  PAGE 7


  C:0A97H         LINE#         176
  C:0A97H         LINE#         178
  C:0A9AH         LINE#         179
  C:0A9DH         LINE#         180
  C:0A9DH         LINE#         181
  C:0A9DH         LINE#         184
  C:0AA0H         LINE#         185
  C:0AA3H         LINE#         186
  C:0AA6H         LINE#         187
  C:0AADH         LINE#         188
  C:0ACBH         LINE#         189
  C:0AD3H         LINE#         190
  C:0AEAH         LINE#         191
  C:0AECH         LINE#         192
  C:0AEEH         LINE#         193
  C:0AF4H         LINE#         194
  C:0AF4H         LINE#         195
  C:0AF7H         LINE#         196
  C:0AFAH         LINE#         197
  C:0AFAH         LINE#         198
  C:0AFAH         LINE#         201
  C:0AFDH         LINE#         202
  C:0B00H         LINE#         203
  C:0B03H         LINE#         204
  C:0B0AH         LINE#         205
  C:0B20H         LINE#         206
  C:0B28H         LINE#         207
  C:0B46H         LINE#         208
  C:0B48H         LINE#         209
  C:0B4AH         LINE#         210
  C:0B50H         LINE#         211
  C:0B50H         LINE#         212
  C:0B53H         LINE#         213
  C:0B56H         LINE#         214
  C:0B56H         LINE#         215
  C:0B56H         LINE#         218
  C:0B59H         LINE#         219
  C:0B5CH         LINE#         220
  C:0B5FH         LINE#         221
  C:0B61H         LINE#         223
  C:0B63H         LINE#         224
  C:0B68H         LINE#         225
  C:0B6AH         LINE#         226
  C:0B6DH         LINE#         227
  C:0B6DH         LINE#         228
  C:0B6DH         LINE#         229
  -------         ENDPROC       CHECK_KEYS
  -------         PROC          _DISPLAY
  D:0006H         SYMBOL        temp_val
  D:0003H         SYMBOL        disp_mode
  -------         DO            
  D:0002H         SYMBOL        bai
  D:0001H         SYMBOL        shi
  D:0027H         SYMBOL        int_temp
  -------         ENDDO         
  C:0CD2H         LINE#         232
  C:0CD4H         LINE#         234
BL51 BANKED LINKER/LOCATER V6.22.2.0                                                  12/11/2025  00:03:04  PAGE 8


  C:0CDFH         LINE#         236
  C:0CE8H         LINE#         237
  C:0CF5H         LINE#         240
  C:0CF5H         LINE#         241
  C:0CF5H         LINE#         242
  C:0CF5H         LINE#         243
  C:0CF5H         LINE#         244
  C:0CF5H         LINE#         245
  C:0CF8H         LINE#         248
  C:0CFAH         LINE#         249
  C:0CFCH         LINE#         250
  C:0CFEH         LINE#         251
  C:0D00H         LINE#         253
  C:0D08H         LINE#         254
  C:0D08H         LINE#         255
  C:0D10H         LINE#         257
  C:0D19H         LINE#         258
  C:0D1BH         LINE#         259
  C:0D22H         LINE#         260
  C:0D22H         LINE#         261
  C:0D22H         LINE#         264
  C:0D22H         LINE#         265
  C:0D22H         LINE#         266
  C:0D22H         LINE#         267
  C:0D22H         LINE#         268
  C:0D22H         LINE#         269
  C:0D25H         LINE#         272
  C:0D27H         LINE#         273
  C:0D29H         LINE#         274
  C:0D2BH         LINE#         275
  C:0D2DH         LINE#         276
  C:0D34H         LINE#         277
  C:0D34H         LINE#         280
  C:0D34H         LINE#         281
  C:0D34H         LINE#         282
  C:0D34H         LINE#         283
  C:0D34H         LINE#         284
  C:0D34H         LINE#         285
  C:0D37H         LINE#         288
  C:0D39H         LINE#         289
  C:0D3BH         LINE#         290
  C:0D3DH         LINE#         291
  C:0D3FH         LINE#         292
  C:0D42H         LINE#         293
  C:0D43H         LINE#         296
  C:0D43H         LINE#         297
  C:0D43H         LINE#         298
  C:0D43H         LINE#         299
  C:0D43H         LINE#         300
  C:0D43H         LINE#         301
  C:0D46H         LINE#         304
  C:0D48H         LINE#         305
  C:0D4AH         LINE#         306
  C:0D4CH         LINE#         307
  C:0D4EH         LINE#         308
  C:0D51H         LINE#         309
  -------         ENDPROC       _DISPLAY
BL51 BANKED LINKER/LOCATER V6.22.2.0                                                  12/11/2025  00:03:04  PAGE 9


  -------         PROC          _CHECK_ALARM
  D:0006H         SYMBOL        current_temp
  C:0F1CH         LINE#         313
  C:0F1CH         LINE#         314
  C:0F2EH         LINE#         315
  C:0F30H         LINE#         316
  C:0F31H         LINE#         317
  C:0F33H         LINE#         318
  C:0F33H         LINE#         319
  -------         ENDPROC       _CHECK_ALARM
  -------         PROC          INIT_COM
  C:0F4AH         LINE#         322
  C:0F4AH         LINE#         323
  C:0F4DH         LINE#         324
  C:0F50H         LINE#         325
  C:0F53H         LINE#         326
  C:0F56H         LINE#         327
  C:0F58H         LINE#         328
  C:0F5AH         LINE#         329
  C:0F5CH         LINE#         330
  -------         ENDPROC       INIT_COM
  -------         PROC          MAIN
  -------         DO            
  D:0022H         SYMBOL        a
  D:0023H         SYMBOL        temp_value
  D:0025H         SYMBOL        display_temp
  -------         ENDDO         
  C:0B6EH         LINE#         333
  C:0B6EH         LINE#         335
  C:0B73H         LINE#         336
  C:0B77H         LINE#         338
  C:0B7AH         LINE#         340
  C:0B7AH         LINE#         341
  C:0B7DH         LINE#         342
  C:0B84H         LINE#         345
  C:0B95H         LINE#         348
  C:0B98H         LINE#         351
  C:0B9FH         LINE#         354
  C:0BADH         LINE#         355
  C:0BB3H         LINE#         356
  C:0BBBH         LINE#         357
  C:0BC3H         LINE#         358
  C:0BD3H         LINE#         359
  C:0BD9H         LINE#         360
  C:0BE1H         LINE#         361
  C:0BE9H         LINE#         362
  C:0BF4H         LINE#         363
  C:0BFAH         LINE#         364
  C:0C02H         LINE#         365
  C:0C08H         LINE#         366
  C:0C0AH         LINE#         367
  C:0C10H         LINE#         368
  C:0C10H         LINE#         371
  C:0C1EH         LINE#         372
  C:0C27H         LINE#         373
  C:0C2BH         LINE#         376
  C:0C43H         LINE#         377
BL51 BANKED LINKER/LOCATER V6.22.2.0                                                  12/11/2025  00:03:04  PAGE 10


  -------         ENDPROC       MAIN
  -------         ENDMOD        ______

  -------         MODULE        ?C?FPADD
  C:000AH         PUBLIC        ?C?FPADD
  C:0006H         PUBLIC        ?C?FPSUB
  -------         ENDMOD        ?C?FPADD

  -------         MODULE        ?C?FPMUL
  C:00FBH         PUBLIC        ?C?FPMUL
  -------         ENDMOD        ?C?FPMUL

  -------         MODULE        ?C?FCAST
  C:020BH         PUBLIC        ?C?FCASTC
  C:0206H         PUBLIC        ?C?FCASTI
  C:0201H         PUBLIC        ?C?FCASTL
  -------         ENDMOD        ?C?FCAST

  -------         MODULE        ?C?CASTF
  C:023FH         PUBLIC        ?C?CASTF
  -------         ENDMOD        ?C?CASTF

  -------         MODULE        PRINTF
  D:0027H         PUBLIC        ?_PRINTF?BYTE
  D:0027H         PUBLIC        ?_SPRINTF?BYTE
  C:0655H         PUBLIC        _PRINTF
  C:064FH         PUBLIC        _SPRINTF
  -------         ENDMOD        PRINTF

  -------         MODULE        ?C?FPROUND
  C:02C0H         PUBLIC        ?C?FPROUND
  -------         ENDMOD        ?C?FPROUND

  -------         MODULE        ?C?FPCONVERT
  C:02EFH         PUBLIC        ?C?FPCONVERT
  -------         ENDMOD        ?C?FPCONVERT

  -------         MODULE        ?C?FPDIV
  C:03F5H         PUBLIC        ?C?FPDIV
  -------         ENDMOD        ?C?FPDIV

  -------         MODULE        ?C?FTNPWR
  C:04C2H         PUBLIC        ?C?FTNPWR
  -------         ENDMOD        ?C?FTNPWR

  -------         MODULE        ?C?CLDPTR
  C:0502H         PUBLIC        ?C?CLDPTR
  -------         ENDMOD        ?C?CLDPTR

  -------         MODULE        ?C?CLDOPTR
  C:051BH         PUBLIC        ?C?CLDOPTR
  -------         ENDMOD        ?C?CLDOPTR

  -------         MODULE        ?C?CSTPTR
  C:0548H         PUBLIC        ?C?CSTPTR
  -------         ENDMOD        ?C?CSTPTR

BL51 BANKED LINKER/LOCATER V6.22.2.0                                                  12/11/2025  00:03:04  PAGE 11


  -------         MODULE        ?C?UIDIV
  C:055AH         PUBLIC        ?C?UIDIV
  -------         ENDMOD        ?C?UIDIV

  -------         MODULE        ?C?LNEG
  C:05AFH         PUBLIC        ?C?LNEG
  -------         ENDMOD        ?C?LNEG

  -------         MODULE        ?C?PLDIIDATA
  C:05BDH         PUBLIC        ?C?PLDIIDATA
  -------         ENDMOD        ?C?PLDIIDATA

  -------         MODULE        ?C?CCASE
  C:05CDH         PUBLIC        ?C?CCASE
  -------         ENDMOD        ?C?CCASE

  -------         MODULE        PUTCHAR
  C:0E43H         PUBLIC        _PUTCHAR
  -------         ENDMOD        PUTCHAR

Program Size: data=52.4 xdata=0 code=3956
LINK/LOCATE RUN COMPLETE.  0 WARNING(S),  0 ERROR(S)
